// Jest Snapshot v1, https://goo.gl/fbAQLP

exports[`SignUp snapshot 1`] = `
<View
  style={
    Object {
      "flex": 3,
    }
  }
>
  <Image
    source={
      Object {
        "testUri": "../../../src/assets/Images/authentication-background.jpg",
      }
    }
    style={
      Object {
        "flex": 1,
        "resizeMode": "cover",
        "width": "100%",
      }
    }
  />
  <Text
    style={
      Object {
        "color": "#4a4a4a",
        "fontSize": 35,
        "marginTop": 20,
        "textAlign": "center",
      }
    }
  >
    signup:title
  </Text>
  <View
    style={
      Object {
        "alignSelf": "center",
        "flex": 1,
        "width": "75%",
      }
    }
  >
    <View
      onLayout={[Function]}
      style={
        Object {
          "flex": 1,
          "justifyContent": "space-between",
        }
      }
    >
      <RCTScrollView
        contentContainerStyle={
          Object {
            "flexGrow": 1,
          }
        }
        keyboardShouldPersistTaps="handled"
        showsVerticalScrollIndicator={false}
      >
        <View>
          <View
            style={
              Object {
                "width": "100%",
              }
            }
          >
            <TextInput
              onBlur={[Function]}
              onChangeText={[Function]}
              placeholder="common:email_placeholder"
              placeholderTextColor="#9b9b9b"
              secureTextEntry={false}
              style={
                Array [
                  Object {
                    "alignSelf": "center",
                    "borderBottomWidth": 0.7,
                    "borderColor": "#9b9b9b",
                    "color": "#4a4a4a",
                    "fontSize": 27,
                    "marginVertical": 16,
                    "padding": 14,
                    "paddingLeft": 39,
                    "width": "100%",
                  },
                  undefined,
                ]
              }
              value=""
            />
            <TextInput
              onBlur={[Function]}
              onChangeText={[Function]}
              placeholder="common:password_placeholder"
              placeholderTextColor="#9b9b9b"
              secureTextEntry={false}
              style={
                Array [
                  Object {
                    "alignSelf": "center",
                    "borderBottomWidth": 0.7,
                    "borderColor": "#9b9b9b",
                    "color": "#4a4a4a",
                    "fontSize": 27,
                    "marginVertical": 16,
                    "padding": 14,
                    "paddingLeft": 39,
                    "width": "100%",
                  },
                  undefined,
                ]
              }
              value=""
            />
            <Text
              allowFontScaling={false}
              onPress={[Function]}
              style={
                Array [
                  Object {
                    "color": "#4a4a4a",
                    "fontSize": 20,
                  },
                  Object {
                    "bottom": 29,
                    "left": 471,
                    "marginTop": -39,
                    "position": "relative",
                  },
                  Object {
                    "fontFamily": "Entypo",
                    "fontStyle": "normal",
                    "fontWeight": "normal",
                  },
                  Object {},
                ]
              }
            >
              
            </Text>
            <View
              style={
                Object {
                  "alignItems": "center",
                  "flexDirection": "row",
                  "marginBottom": -20,
                  "marginLeft": -20,
                  "width": "100%",
                }
              }
            >
              <View
                accessibilityRole="checkbox"
                accessibilityState={
                  Object {
                    "checked": false,
                  }
                }
                accessible={true}
                collapsable={false}
                focusable={true}
                nativeID="animatedComponent"
                onClick={[Function]}
                onResponderGrant={[Function]}
                onResponderMove={[Function]}
                onResponderRelease={[Function]}
                onResponderTerminate={[Function]}
                onResponderTerminationRequest={[Function]}
                onStartShouldSetResponder={[Function]}
                style={
                  Object {
                    "margin": 5,
                    "marginLeft": 10,
                    "marginRight": 10,
                    "opacity": 1,
                    "padding": 10,
                  }
                }
                testID="checkbox"
              >
                <View
                  style={
                    Object {
                      "alignItems": "center",
                      "flexDirection": "row",
                    }
                  }
                >
                  <Text
                    allowFontScaling={false}
                    style={
                      Array [
                        Object {
                          "color": "#9adcd7",
                          "fontSize": 24,
                        },
                        Object {
                          "minWidth": 24,
                        },
                        Object {
                          "fontFamily": "FontAwesome",
                          "fontStyle": "normal",
                          "fontWeight": "normal",
                        },
                        Object {},
                      ]
                    }
                  >
                    
                  </Text>
                </View>
              </View>
              <Text
                style={
                  Object {
                    "color": "#4a4a4a",
                    "flexWrap": "wrap",
                    "marginLeft": -20,
                    "width": "85%",
                  }
                }
              >
                signup:privacy_policy
              </Text>
            </View>
            <View
              style={
                Object {
                  "alignItems": "center",
                  "flexDirection": "row",
                  "marginBottom": -20,
                  "marginLeft": -20,
                  "width": "100%",
                }
              }
            >
              <View
                accessibilityRole="checkbox"
                accessibilityState={
                  Object {
                    "checked": false,
                  }
                }
                accessible={true}
                collapsable={false}
                focusable={true}
                nativeID="animatedComponent"
                onClick={[Function]}
                onResponderGrant={[Function]}
                onResponderMove={[Function]}
                onResponderRelease={[Function]}
                onResponderTerminate={[Function]}
                onResponderTerminationRequest={[Function]}
                onStartShouldSetResponder={[Function]}
                style={
                  Object {
                    "margin": 5,
                    "marginLeft": 10,
                    "marginRight": 10,
                    "opacity": 1,
                    "padding": 10,
                  }
                }
                testID="checkbox"
              >
                <View
                  style={
                    Object {
                      "alignItems": "center",
                      "flexDirection": "row",
                    }
                  }
                >
                  <Text
                    allowFontScaling={false}
                    style={
                      Array [
                        Object {
                          "color": "#9adcd7",
                          "fontSize": 24,
                        },
                        Object {
                          "minWidth": 24,
                        },
                        Object {
                          "fontFamily": "FontAwesome",
                          "fontStyle": "normal",
                          "fontWeight": "normal",
                        },
                        Object {},
                      ]
                    }
                  >
                    
                  </Text>
                </View>
              </View>
              <Text
                style={
                  Object {
                    "color": "#4a4a4a",
                    "flexWrap": "wrap",
                    "marginLeft": -20,
                    "width": "85%",
                  }
                }
              >
                signup:terms
              </Text>
            </View>
          </View>
        </View>
      </RCTScrollView>
      <View
        accessible={true}
        collapsable={false}
        focusable={true}
        onBlur={[Function]}
        onClick={[Function]}
        onFocus={[Function]}
        onResponderGrant={[Function]}
        onResponderMove={[Function]}
        onResponderRelease={[Function]}
        onResponderTerminate={[Function]}
        onResponderTerminationRequest={[Function]}
        onStartShouldSetResponder={[Function]}
        style={
          Array [
            Object {
              "alignItems": "center",
              "alignSelf": "center",
              "borderRadius": 10,
              "padding": 20,
              "width": "75%",
            },
            Object {
              "marginBottom": 39,
            },
            Object {
              "backgroundColor": "#9b9b9b",
            },
          ]
        }
      >
        <Text
          style={
            Array [
              Object {
                "color": "#ffffff",
                "fontSize": 35,
                "textAlign": "center",
              },
              undefined,
            ]
          }
        >
          signup:btn_title
        </Text>
      </View>
    </View>
  </View>
  <View
    accessible={true}
    collapsable={false}
    focusable={true}
    onBlur={[Function]}
    onClick={[Function]}
    onFocus={[Function]}
    onResponderGrant={[Function]}
    onResponderMove={[Function]}
    onResponderRelease={[Function]}
    onResponderTerminate={[Function]}
    onResponderTerminationRequest={[Function]}
    onStartShouldSetResponder={[Function]}
    style={
      Object {
        "left": 20,
        "position": "absolute",
        "top": 59,
      }
    }
  >
    <Text
      allowFontScaling={false}
      style={
        Array [
          Object {
            "color": "#4a4a4a",
            "fontSize": 20,
          },
          undefined,
          Object {
            "fontFamily": "Entypo",
            "fontStyle": "normal",
            "fontWeight": "normal",
          },
          Object {},
        ]
      }
    >
      
    </Text>
  </View>
  <View
    style={
      Object {
        "alignSelf": "center",
        "backgroundColor": "#4a4a4a",
        "borderRadius": 10,
        "bottom": 10,
        "height": 8,
        "position": "relative",
        "width": "35%",
      }
    }
  />
</View>
`;
